../Core/Src/main.c:72:5:main	8	static
../Core/Src/main.c:133:6:SystemClock_Config	88	static
../Core/Src/main.c:178:13:MX_I2S1_Init	8	static
../Core/Src/main.c:210:13:MX_SPI2_Init	8	static
../Core/Src/main.c:250:13:MX_TIM1_Init	104	static
../Core/Src/main.c:326:13:MX_TIM3_Init	48	static
../Core/Src/main.c:379:13:MX_TIM14_Init	8	static
../Core/Src/main.c:408:13:MX_DMA_Init	16	static
../Core/Src/main.c:426:13:MX_GPIO_Init	56	static
../Core/Src/main.c:496:6:Error_Handler	8	static,ignoring_inline_asm
