../Core/Src/main.c:74:5:main	8	static
../Core/Src/main.c:140:6:SystemClock_Config	88	static
../Core/Src/main.c:185:13:MX_I2S1_Init	8	static
../Core/Src/main.c:217:13:MX_SPI2_Init	8	static
../Core/Src/main.c:257:13:MX_TIM1_Init	104	static
../Core/Src/main.c:333:13:MX_TIM3_Init	48	static
../Core/Src/main.c:386:13:MX_TIM14_Init	8	static
../Core/Src/main.c:415:13:MX_DMA_Init	16	static
../Core/Src/main.c:433:13:MX_GPIO_Init	56	static
../Core/Src/main.c:496:6:flashInit	72	static
../Core/Src/main.c:541:6:Error_Handler	8	static,ignoring_inline_asm
